// Jest Snapshot v1, https://goo.gl/fbAQLP

exports[`Snapshot 1`] = `
{
  "Outputs": {
    "TestBucket": {
      "Value": "",
    },
    "WorkoutWagerAPIEndpoint13D5E05A": {
      "Value": {
        "Fn::Join": [
          "",
          [
            "https://",
            {
              "Ref": "WorkoutWagerAPI12237448",
            },
            ".execute-api.",
            {
              "Ref": "AWS::Region",
            },
            ".",
            {
              "Ref": "AWS::URLSuffix",
            },
            "/",
            {
              "Ref": "WorkoutWagerAPIDeploymentStageprod8B944A1A",
            },
            "/",
          ],
        ],
      },
    },
  },
  "Parameters": {
    "BootstrapVersion": {
      "Default": "/cdk-bootstrap/hnb659fds/version",
      "Description": "Version of the CDK Bootstrap resources in this environment, automatically retrieved from SSM Parameter Store. [cdk:skip]",
      "Type": "AWS::SSM::Parameter::Value<String>",
    },
  },
  "Resources": {
    "MyAuthorizer6575980E": {
      "Properties": {
        "AuthorizerResultTtlInSeconds": 300,
        "AuthorizerUri": {
          "Fn::Join": [
            "",
            [
              "arn:",
              {
                "Fn::Select": [
                  1,
                  {
                    "Fn::Split": [
                      ":",
                      {
                        "Fn::GetAtt": [
                          "authorizerD23CB5CD",
                          "Arn",
                        ],
                      },
                    ],
                  },
                ],
              },
              ":apigateway:",
              {
                "Fn::Select": [
                  3,
                  {
                    "Fn::Split": [
                      ":",
                      {
                        "Fn::GetAtt": [
                          "authorizerD23CB5CD",
                          "Arn",
                        ],
                      },
                    ],
                  },
                ],
              },
              ":lambda:path/2015-03-31/functions/",
              {
                "Fn::GetAtt": [
                  "authorizerD23CB5CD",
                  "Arn",
                ],
              },
              "/invocations",
            ],
          ],
        },
        "IdentitySource": "method.request.header.Authorization",
        "Name": "testMyAuthorizer0303EEEA",
        "RestApiId": {
          "Ref": "WorkoutWagerAPI12237448",
        },
        "Type": "TOKEN",
      },
      "Type": "AWS::ApiGateway::Authorizer",
    },
    "WorkoutWagerAPI12237448": {
      "Properties": {
        "Name": "WorkoutWagerAPI",
      },
      "Type": "AWS::ApiGateway::RestApi",
    },
    "WorkoutWagerAPIAccountD7373B48": {
      "DeletionPolicy": "Retain",
      "DependsOn": [
        "WorkoutWagerAPI12237448",
      ],
      "Properties": {
        "CloudWatchRoleArn": {
          "Fn::GetAtt": [
            "WorkoutWagerAPICloudWatchRole57A7EC5A",
            "Arn",
          ],
        },
      },
      "Type": "AWS::ApiGateway::Account",
      "UpdateReplacePolicy": "Retain",
    },
    "WorkoutWagerAPICloudWatchRole57A7EC5A": {
      "DeletionPolicy": "Retain",
      "Properties": {
        "AssumeRolePolicyDocument": {
          "Statement": [
            {
              "Action": "sts:AssumeRole",
              "Effect": "Allow",
              "Principal": {
                "Service": "apigateway.amazonaws.com",
              },
            },
          ],
          "Version": "2012-10-17",
        },
        "ManagedPolicyArns": [
          {
            "Fn::Join": [
              "",
              [
                "arn:",
                {
                  "Ref": "AWS::Partition",
                },
                ":iam::aws:policy/service-role/AmazonAPIGatewayPushToCloudWatchLogs",
              ],
            ],
          },
        ],
      },
      "Type": "AWS::IAM::Role",
      "UpdateReplacePolicy": "Retain",
    },
    "WorkoutWagerAPIDeployment002354E69eae9be9bca3c1560298fb0ded91cb6a": {
      "DependsOn": [
        "WorkoutWagerAPIhealthGET1CB2A007",
        "WorkoutWagerAPIhealth2AFE654B",
      ],
      "Properties": {
        "Description": "Automatically created by the RestApi construct",
        "RestApiId": {
          "Ref": "WorkoutWagerAPI12237448",
        },
      },
      "Type": "AWS::ApiGateway::Deployment",
    },
    "WorkoutWagerAPIDeploymentStageprod8B944A1A": {
      "DependsOn": [
        "WorkoutWagerAPIAccountD7373B48",
      ],
      "Properties": {
        "DeploymentId": {
          "Ref": "WorkoutWagerAPIDeployment002354E69eae9be9bca3c1560298fb0ded91cb6a",
        },
        "RestApiId": {
          "Ref": "WorkoutWagerAPI12237448",
        },
        "StageName": "prod",
      },
      "Type": "AWS::ApiGateway::Stage",
    },
    "WorkoutWagerAPIhealth2AFE654B": {
      "Properties": {
        "ParentId": {
          "Fn::GetAtt": [
            "WorkoutWagerAPI12237448",
            "RootResourceId",
          ],
        },
        "PathPart": "health",
        "RestApiId": {
          "Ref": "WorkoutWagerAPI12237448",
        },
      },
      "Type": "AWS::ApiGateway::Resource",
    },
    "WorkoutWagerAPIhealthGET1CB2A007": {
      "Properties": {
        "AuthorizationType": "CUSTOM",
        "AuthorizerId": {
          "Ref": "MyAuthorizer6575980E",
        },
        "HttpMethod": "GET",
        "Integration": {
          "IntegrationHttpMethod": "POST",
          "Type": "AWS_PROXY",
          "Uri": {
            "Fn::Join": [
              "",
              [
                "arn:",
                {
                  "Ref": "AWS::Partition",
                },
                ":apigateway:",
                {
                  "Ref": "AWS::Region",
                },
                ":lambda:path/2015-03-31/functions/",
                {
                  "Fn::GetAtt": [
                    "healthC878E2FF",
                    "Arn",
                  ],
                },
                "/invocations",
              ],
            ],
          },
        },
        "ResourceId": {
          "Ref": "WorkoutWagerAPIhealth2AFE654B",
        },
        "RestApiId": {
          "Ref": "WorkoutWagerAPI12237448",
        },
      },
      "Type": "AWS::ApiGateway::Method",
    },
    "WorkoutWagerAPIhealthGETApiPermissionTesttestWorkoutWagerAPIB6B50B50GEThealth5838DC8C": {
      "Properties": {
        "Action": "lambda:InvokeFunction",
        "FunctionName": {
          "Fn::GetAtt": [
            "healthC878E2FF",
            "Arn",
          ],
        },
        "Principal": "apigateway.amazonaws.com",
        "SourceArn": {
          "Fn::Join": [
            "",
            [
              "arn:",
              {
                "Ref": "AWS::Partition",
              },
              ":execute-api:",
              {
                "Ref": "AWS::Region",
              },
              ":",
              {
                "Ref": "AWS::AccountId",
              },
              ":",
              {
                "Ref": "WorkoutWagerAPI12237448",
              },
              "/test-invoke-stage/GET/health",
            ],
          ],
        },
      },
      "Type": "AWS::Lambda::Permission",
    },
    "WorkoutWagerAPIhealthGETApiPermissiontestWorkoutWagerAPIB6B50B50GEThealth73EC8E1A": {
      "Properties": {
        "Action": "lambda:InvokeFunction",
        "FunctionName": {
          "Fn::GetAtt": [
            "healthC878E2FF",
            "Arn",
          ],
        },
        "Principal": "apigateway.amazonaws.com",
        "SourceArn": {
          "Fn::Join": [
            "",
            [
              "arn:",
              {
                "Ref": "AWS::Partition",
              },
              ":execute-api:",
              {
                "Ref": "AWS::Region",
              },
              ":",
              {
                "Ref": "AWS::AccountId",
              },
              ":",
              {
                "Ref": "WorkoutWagerAPI12237448",
              },
              "/",
              {
                "Ref": "WorkoutWagerAPIDeploymentStageprod8B944A1A",
              },
              "/GET/health",
            ],
          ],
        },
      },
      "Type": "AWS::Lambda::Permission",
    },
    "authorizerD23CB5CD": {
      "DependsOn": [
        "authorizerServiceRoleC3069BB4",
      ],
      "Properties": {
        "Code": {
          "S3Bucket": {
            "Fn::Sub": "cdk-hnb659fds-assets-\${AWS::AccountId}-\${AWS::Region}",
          },
          "S3Key": "d37cc1dd09cec647247fd6092721797e9ffd7e9ba0b08a680b9f895b7d55bcd4.zip",
        },
        "Environment": {
          "Variables": {
            "JWT_SECRET": "Some secret",
          },
        },
        "Handler": "index.handler",
        "Role": {
          "Fn::GetAtt": [
            "authorizerServiceRoleC3069BB4",
            "Arn",
          ],
        },
        "Runtime": "nodejs20.x",
      },
      "Type": "AWS::Lambda::Function",
    },
    "authorizerServiceRoleC3069BB4": {
      "Properties": {
        "AssumeRolePolicyDocument": {
          "Statement": [
            {
              "Action": "sts:AssumeRole",
              "Effect": "Allow",
              "Principal": {
                "Service": "lambda.amazonaws.com",
              },
            },
          ],
          "Version": "2012-10-17",
        },
        "ManagedPolicyArns": [
          {
            "Fn::Join": [
              "",
              [
                "arn:",
                {
                  "Ref": "AWS::Partition",
                },
                ":iam::aws:policy/service-role/AWSLambdaBasicExecutionRole",
              ],
            ],
          },
        ],
      },
      "Type": "AWS::IAM::Role",
    },
    "authorizertestMyAuthorizer0303EEEAPermissions977FB159": {
      "Properties": {
        "Action": "lambda:InvokeFunction",
        "FunctionName": {
          "Fn::GetAtt": [
            "authorizerD23CB5CD",
            "Arn",
          ],
        },
        "Principal": "apigateway.amazonaws.com",
        "SourceArn": {
          "Fn::Join": [
            "",
            [
              "arn:",
              {
                "Ref": "AWS::Partition",
              },
              ":execute-api:",
              {
                "Ref": "AWS::Region",
              },
              ":",
              {
                "Ref": "AWS::AccountId",
              },
              ":",
              {
                "Ref": "WorkoutWagerAPI12237448",
              },
              "/authorizers/",
              {
                "Ref": "MyAuthorizer6575980E",
              },
            ],
          ],
        },
      },
      "Type": "AWS::Lambda::Permission",
    },
    "healthC878E2FF": {
      "DependsOn": [
        "healthServiceRole962E3AA5",
      ],
      "Properties": {
        "Code": {
          "S3Bucket": {
            "Fn::Sub": "cdk-hnb659fds-assets-\${AWS::AccountId}-\${AWS::Region}",
          },
          "S3Key": "1cf9d03cd355ad978d5764725defd4ce5f1d604136d54568ec2a3addfe2ab6bd.zip",
        },
        "Environment": {
          "Variables": {
            "SOME_KEY": "some_key variable",
          },
        },
        "Handler": "index.handler",
        "Role": {
          "Fn::GetAtt": [
            "healthServiceRole962E3AA5",
            "Arn",
          ],
        },
        "Runtime": "nodejs20.x",
      },
      "Type": "AWS::Lambda::Function",
    },
    "healthServiceRole962E3AA5": {
      "Properties": {
        "AssumeRolePolicyDocument": {
          "Statement": [
            {
              "Action": "sts:AssumeRole",
              "Effect": "Allow",
              "Principal": {
                "Service": "lambda.amazonaws.com",
              },
            },
          ],
          "Version": "2012-10-17",
        },
        "ManagedPolicyArns": [
          {
            "Fn::Join": [
              "",
              [
                "arn:",
                {
                  "Ref": "AWS::Partition",
                },
                ":iam::aws:policy/service-role/AWSLambdaBasicExecutionRole",
              ],
            ],
          },
        ],
      },
      "Type": "AWS::IAM::Role",
    },
  },
  "Rules": {
    "CheckBootstrapVersion": {
      "Assertions": [
        {
          "Assert": {
            "Fn::Not": [
              {
                "Fn::Contains": [
                  [
                    "1",
                    "2",
                    "3",
                    "4",
                    "5",
                  ],
                  {
                    "Ref": "BootstrapVersion",
                  },
                ],
              },
            ],
          },
          "AssertDescription": "CDK bootstrap stack version 6 required. Please run 'cdk bootstrap' with a recent version of the CDK CLI.",
        },
      ],
    },
  },
}
`;
